Script started on 2026-04-25 11:52:15+02:00 [COMMAND="SANE_DEBUG_PIEUSB=11 scanimage --device-name="pieusb:libusb:003:033" --resolution=500 --format=tiff --clean-image=yes --output-file=moretest_lores.tiff --calibration="from preview"" TERM="xterm-256color" TTY="/dev/pts/0" COLUMNS="184" LINES="53"]
[11:52:15.738860] [sanei_debug] Setting debug level of pieusb to 11.
[11:52:15.738946] [pieusb] sane_init() build 1
[11:52:15.748533] [pieusb] sane_init() config file parsing usb 0x05e3 0x0145 0x47 0x00
[11:52:15.748566] [pieusb] sane_init() config file lists device 05e3 0145 47 00
[11:52:15.748583] [pieusb] sane_init() adding device 05e3 0145 47 00
[11:52:15.748589] [pieusb] sanei_pieusb_supported_device_list_add(): current 003: 05e3 0145 30 00
[11:52:15.748596] [pieusb] sanei_pieusb_supported_device_list_add(): current 003: 05e3 0145 36 00
[11:52:15.748603] [pieusb] sanei_pieusb_supported_device_list_add(): current 003: 05e3 0142 3a 01
[11:52:15.748609] [pieusb] sanei_pieusb_supported_device_list_add(): current 003: 0000 0000 00 00
[11:52:15.748616] [pieusb] sanei_pieusb_supported_device_list_add() add: 003: 05e3 0145 30 00
[11:52:15.748622] [pieusb] sanei_pieusb_supported_device_list_add() add: 003: 05e3 0145 36 00
[11:52:15.748628] [pieusb] sanei_pieusb_supported_device_list_add() add: 003: 05e3 0142 3a 01
[11:52:15.748634] [pieusb] sanei_pieusb_supported_device_list_add() add: 003: 05e3 0145 47 00
[11:52:15.748640] [pieusb] sanei_pieusb_supported_device_list_add() add: 003: 0000 0000 00 00
[11:52:15.748650] [pieusb] sane_init() looking for scanner 05e3 0145 model 30, flags 00
[11:52:15.748657] [pieusb] sanei_pieusb_find_device_callback: libusb:003:033
[11:52:15.748703] [pieusb] sanei_pieusb_cmd_inquiry()
Cmd	00000000: 12 00 00 00 05 00                               ......
In	00000000: 06 00 02 01 b4                                  ....4
[11:52:15.768785] [pieusb] sanei_pieusb_cmd_inquiry()
Cmd	00000000: 12 00 00 00 b8 00                               ....8.
In	00000000: 06 00 02 01 b4 00 00 00 50 49 45 20 20 20 20 20 ....4...PIE     
	00000010: 53 46 20 53 63 61 6e 6e 65 72 00 00 00 00 00 00 SF Scanner......
	00000020: 31 2e 37 30 10 27 10 27 22 38 62 25 9e 35 07 00 1.70.'.'"8b%.5..
	00000030: 09 4b 65 02 0c 00 2c 01 00 00 00 00 00 00 00 00 .Ke...,.........
	00000040: 00 00 00 00 00 00 00 00 00 00 00 00 00 00 00 00 ................
	00000050: 00 00 00 00 00 00 00 00 00 00 00 00 00 00 00 00 ................
	00000060: 31 2e 31 36 0e 64 64 01 c4 09 64 00 34 3a b2 25 1.16.dd.D.d.4:2%
	00000070: 31 2e 30 36 47 00 00 00 50 49 45 00 32 30 31 36 1.06G...PIE.2016
	000000b8 bytes clipped
[11:52:15.798492] [pieusb] INQUIRY:
[11:52:15.798541] [pieusb] ========
[11:52:15.798552] [pieusb] 
[11:52:15.798562] [pieusb] vendor........................: 'PIE'
[11:52:15.798572] [pieusb] product.......................: 'SF Scanner'
[11:52:15.798582] [pieusb] model  .......................: 0x0047
[11:52:15.798591] [pieusb] version.......................: '1.70'
[11:52:15.798601] [pieusb] X resolution..................: 10000 dpi
[11:52:15.798611] [pieusb] Y resolution..................: 10000 dpi
[11:52:15.798620] [pieusb] pixel resolution..............: 10000 dpi
[11:52:15.798634] [pieusb] fb width......................: 1.437000 in
[11:52:15.798649] [pieusb] fb length.....................: 0.957000 in
[11:52:15.798663] [pieusb] transparency width............: -0.307500 in
[11:52:15.798674] [pieusb] transparency length...........: 0.422200 in
[11:52:15.798684] [pieusb] transparency offset...........: 14900,9650
[11:52:15.798695] [pieusb] # of halftones................: 14
[11:52:15.798706] [pieusb] One pass color................: yes
[11:52:15.798717] [pieusb] Filters.......................: Infrared Red Green Blue  (9e)
[11:52:15.798732] [pieusb] Color depths..................: 16 bit 12 bit 8 bit 1 bit  (35)
[11:52:15.798744] [pieusb] Color Format..................: Indexed Line Pixel  (07)
[11:52:15.798758] [pieusb] Image Format..................: OKLine Intel (09)
[11:52:15.798769] [pieusb] Scan Capability...............: ExtCal DisCal 3 speeds (4b)
[11:52:15.798782] [pieusb] Optional Devices..............: TransModule1 ADF  (65)
[11:52:15.798793] [pieusb] Enhancement...................: 02
[11:52:15.798808] [pieusb] Gamma bits....................: 12
[11:52:15.798819] [pieusb] Fast Preview Resolution.......: 300
[11:52:15.798830] [pieusb] Min Highlight.................: 100
[11:52:15.798841] [pieusb] Max Shadow....................: 100
[11:52:15.798851] [pieusb] Cal Eqn.......................: 1
[11:52:15.798862] [pieusb] Min Exposure..................: 100
[11:52:15.798873] [pieusb] Max Exposure..................: 10000
[11:52:15.798884] [pieusb] x0,y0 x1,y1...................: 14900,9650 11825,13872
[11:52:15.798895] [pieusb] production....................: 'PIE'
[11:52:15.798906] [pieusb] timestamp.....................: '2016/06/29	13:30PM'
[11:52:15.798917] [pieusb] signature.....................: 'Flash ROM 29EE512   BY:Chen Tsung-Yu  '
[11:52:15.798929] [pieusb] sanei_pieusb_find_device_callback: wrong model number 71
[11:52:15.798942] [pieusb] sane_init() looking for scanner 05e3 0145 model 36, flags 00
[11:52:15.798956] [pieusb] sanei_pieusb_find_device_callback: libusb:003:033
[11:52:15.799086] [pieusb] sanei_pieusb_cmd_inquiry()
Cmd	00000000: 12 00 00 00 05 00                               ......
In	00000000: 06 00 02 01 b4                                  ....4
[11:52:15.819333] [pieusb] sanei_pieusb_cmd_inquiry()
Cmd	00000000: 12 00 00 00 b8 00                               ....8.
In	00000000: 06 00 02 01 b4 00 00 00 50 49 45 20 20 20 20 20 ....4...PIE     
	00000010: 53 46 20 53 63 61 6e 6e 65 72 00 00 00 00 00 00 SF Scanner......
	00000020: 31 2e 37 30 10 27 10 27 22 38 62 25 9e 35 07 00 1.70.'.'"8b%.5..
	00000030: 09 4b 65 02 0c 00 2c 01 00 00 00 00 00 00 00 00 .Ke...,.........
	00000040: 00 00 00 00 00 00 00 00 00 00 00 00 00 00 00 00 ................
	00000050: 00 00 00 00 00 00 00 00 00 00 00 00 00 00 00 00 ................
	00000060: 31 2e 31 36 0e 64 64 01 c4 09 64 00 34 3a b2 25 1.16.dd.D.d.4:2%
	00000070: 31 2e 30 36 47 00 00 00 50 49 45 00 32 30 31 36 1.06G...PIE.2016
	000000b8 bytes clipped
[11:52:15.848264] [pieusb] INQUIRY:
[11:52:15.848336] [pieusb] ========
[11:52:15.848347] [pieusb] 
[11:52:15.848358] [pieusb] vendor........................: 'PIE'
[11:52:15.848369] [pieusb] product.......................: 'SF Scanner'
[11:52:15.848379] [pieusb] model  .......................: 0x0047
[11:52:15.848389] [pieusb] version.......................: '1.70'
[11:52:15.848399] [pieusb] X resolution..................: 10000 dpi
[11:52:15.848410] [pieusb] Y resolution..................: 10000 dpi
[11:52:15.848425] [pieusb] pixel resolution..............: 10000 dpi
[11:52:15.848436] [pieusb] fb width......................: 1.437000 in
[11:52:15.848456] [pieusb] fb length.....................: 0.957000 in
[11:52:15.848474] [pieusb] transparency width............: -0.307500 in
[11:52:15.848488] [pieusb] transparency length...........: 0.422200 in
[11:52:15.848504] [pieusb] transparency offset...........: 14900,9650
[11:52:15.848517] [pieusb] # of halftones................: 14
[11:52:15.848529] [pieusb] One pass color................: yes
[11:52:15.848541] [pieusb] Filters.......................: Infrared Red Green Blue  (9e)
[11:52:15.848553] [pieusb] Color depths..................: 16 bit 12 bit 8 bit 1 bit  (35)
[11:52:15.848567] [pieusb] Color Format..................: Indexed Line Pixel  (07)
[11:52:15.848580] [pieusb] Image Format..................: OKLine Intel (09)
[11:52:15.848593] [pieusb] Scan Capability...............: ExtCal DisCal 3 speeds (4b)
[11:52:15.848608] [pieusb] Optional Devices..............: TransModule1 ADF  (65)
[11:52:15.848620] [pieusb] Enhancement...................: 02
[11:52:15.848638] [pieusb] Gamma bits....................: 12
[11:52:15.848650] [pieusb] Fast Preview Resolution.......: 300
[11:52:15.848662] [pieusb] Min Highlight.................: 100
[11:52:15.848677] [pieusb] Max Shadow....................: 100
[11:52:15.848699] [pieusb] Cal Eqn.......................: 1
[11:52:15.848715] [pieusb] Min Exposure..................: 100
[11:52:15.848726] [pieusb] Max Exposure..................: 10000
[11:52:15.848740] [pieusb] x0,y0 x1,y1...................: 14900,9650 11825,13872
[11:52:15.848754] [pieusb] production....................: 'PIE'
[11:52:15.848767] [pieusb] timestamp.....................: '2016/06/29	13:30PM'
[11:52:15.848780] [pieusb] signature.....................: 'Flash ROM 29EE512   BY:Chen Tsung-Yu  '
[11:52:15.848797] [pieusb] sanei_pieusb_find_device_callback: wrong model number 71
[11:52:15.848811] [pieusb] sane_init() looking for scanner 05e3 0142 model 3a, flags 01
[11:52:15.848826] [pieusb] sane_init() looking for scanner 05e3 0145 model 47, flags 00
[11:52:15.848843] [pieusb] sanei_pieusb_find_device_callback: libusb:003:033
[11:52:15.848988] [pieusb] sanei_pieusb_cmd_inquiry()
Cmd	00000000: 12 00 00 00 05 00                               ......
In	00000000: 06 00 02 01 b4                                  ....4
[11:52:15.870362] [pieusb] sanei_pieusb_cmd_inquiry()
Cmd	00000000: 12 00 00 00 b8 00                               ....8.
In	00000000: 06 00 02 01 b4 00 00 00 50 49 45 20 20 20 20 20 ....4...PIE     
	00000010: 53 46 20 53 63 61 6e 6e 65 72 00 00 00 00 00 00 SF Scanner......
	00000020: 31 2e 37 30 10 27 10 27 22 38 62 25 9e 35 07 00 1.70.'.'"8b%.5..
	00000030: 09 4b 65 02 0c 00 2c 01 00 00 00 00 00 00 00 00 .Ke...,.........
	00000040: 00 00 00 00 00 00 00 00 00 00 00 00 00 00 00 00 ................
	00000050: 00 00 00 00 00 00 00 00 00 00 00 00 00 00 00 00 ................
	00000060: 31 2e 31 36 0e 64 64 01 c4 09 64 00 34 3a b2 25 1.16.dd.D.d.4:2%
	00000070: 31 2e 30 36 47 00 00 00 50 49 45 00 32 30 31 36 1.06G...PIE.2016
	000000b8 bytes clipped
[11:52:15.898218] [pieusb] INQUIRY:
[11:52:15.898265] [pieusb] ========
[11:52:15.898275] [pieusb] 
[11:52:15.898282] [pieusb] vendor........................: 'PIE'
[11:52:15.898290] [pieusb] product.......................: 'SF Scanner'
[11:52:15.898298] [pieusb] model  .......................: 0x0047
[11:52:15.898306] [pieusb] version.......................: '1.70'
[11:52:15.898333] [pieusb] X resolution..................: 10000 dpi
[11:52:15.898342] [pieusb] Y resolution..................: 10000 dpi
[11:52:15.898350] [pieusb] pixel resolution..............: 10000 dpi
[11:52:15.898360] [pieusb] fb width......................: 1.437000 in
[11:52:15.898375] [pieusb] fb length.....................: 0.957000 in
[11:52:15.898388] [pieusb] transparency width............: -0.307500 in
[11:52:15.898466] [pieusb] transparency length...........: 0.422200 in
[11:52:15.898507] [pieusb] transparency offset...........: 14900,9650
[11:52:15.898516] [pieusb] # of halftones................: 14
[11:52:15.898523] [pieusb] One pass color................: yes
[11:52:15.898531] [pieusb] Filters.......................: Infrared Red Green Blue  (9e)
[11:52:15.898539] [pieusb] Color depths..................: 16 bit 12 bit 8 bit 1 bit  (35)
[11:52:15.898547] [pieusb] Color Format..................: Indexed Line Pixel  (07)
[11:52:15.898555] [pieusb] Image Format..................: OKLine Intel (09)
[11:52:15.898563] [pieusb] Scan Capability...............: ExtCal DisCal 3 speeds (4b)
[11:52:15.898572] [pieusb] Optional Devices..............: TransModule1 ADF  (65)
[11:52:15.898581] [pieusb] Enhancement...................: 02
[11:52:15.898588] [pieusb] Gamma bits....................: 12
[11:52:15.898603] [pieusb] Fast Preview Resolution.......: 300
[11:52:15.898611] [pieusb] Min Highlight.................: 100
[11:52:15.898623] [pieusb] Max Shadow....................: 100
[11:52:15.898630] [pieusb] Cal Eqn.......................: 1
[11:52:15.898638] [pieusb] Min Exposure..................: 100
[11:52:15.898645] [pieusb] Max Exposure..................: 10000
[11:52:15.898656] [pieusb] x0,y0 x1,y1...................: 14900,9650 11825,13872
[11:52:15.898666] [pieusb] production....................: 'PIE'
[11:52:15.898675] [pieusb] timestamp.....................: '2016/06/29	13:30PM'
[11:52:15.898689] [pieusb] signature.....................: 'Flash ROM 29EE512   BY:Chen Tsung-Yu  '
[11:52:15.898701] [pieusb] sanei_pieusb_find_device_callback: success
[11:52:15.898712] [pieusb] sane_open(libusb:003:033)
[11:52:15.898863] [pieusb] sanei_pieusb_init_options
[11:52:15.898875] [pieusb] sanei_pieusb_wait_ready()
[11:52:15.898883] [pieusb] sanei_pieusb_cmd_test_unit_ready()
Cmd	00000000: 00 00 00 00 00 00                               ......
[11:52:15.912205] [pieusb] sanei_pieusb_cmd_test_unit_ready() return status = Success
[11:52:15.912268] [pieusb] -> sanei_pieusb_cmd_test_unit_ready: 0
[11:52:15.912290] [pieusb] sane_get_option_descriptor() option=0
[11:52:15.912300] [pieusb] sane_control_option()
[11:52:15.912310] [pieusb] get  [#0]
[11:52:15.912337] [pieusb] get  [#0] val=44
[11:52:15.912350] [pieusb] sane_get_option_descriptor() option=0
[11:52:15.912358] [pieusb] sane_control_option()
[11:52:15.912365] [pieusb] get  [#0]
[11:52:15.912375] [pieusb] get  [#0] val=44
[11:52:15.912388] [pieusb] sane_get_option_descriptor() option=1
[11:52:15.912398] [pieusb] sane_get_option_descriptor() option=2
[11:52:15.912407] [pieusb] sane_get_option_descriptor() option=3
[11:52:15.912416] [pieusb] sane_get_option_descriptor() option=4
[11:52:15.912424] [pieusb] sane_get_option_descriptor() option=5
[11:52:15.912433] [pieusb] sane_get_option_descriptor() option=6
[11:52:15.912442] [pieusb] sane_get_option_descriptor() option=7
[11:52:15.912451] [pieusb] sane_get_option_descriptor() option=8
[11:52:15.912459] [pieusb] sane_get_option_descriptor() option=9
[11:52:15.912468] [pieusb] sane_get_option_descriptor() option=10
[11:52:15.912481] [pieusb] sane_get_option_descriptor() option=11
[11:52:15.912496] [pieusb] sane_get_option_descriptor() option=12
[11:52:15.912507] [pieusb] sane_get_option_descriptor() option=13
[11:52:15.912517] [pieusb] sane_get_option_descriptor() option=14
[11:52:15.912525] [pieusb] sane_get_option_descriptor() option=15
[11:52:15.912535] [pieusb] sane_get_option_descriptor() option=16
[11:52:15.912546] [pieusb] sane_get_option_descriptor() option=17
[11:52:15.912557] [pieusb] sane_get_option_descriptor() option=18
[11:52:15.912566] [pieusb] sane_get_option_descriptor() option=19
[11:52:15.912574] [pieusb] sane_get_option_descriptor() option=20
[11:52:15.912583] [pieusb] sane_get_option_descriptor() option=21
[11:52:15.912595] [pieusb] sane_get_option_descriptor() option=22
[11:52:15.912605] [pieusb] sane_get_option_descriptor() option=23
[11:52:15.912614] [pieusb] sane_get_option_descriptor() option=24
[11:52:15.912624] [pieusb] sane_get_option_descriptor() option=25
[11:52:15.912634] [pieusb] sane_get_option_descriptor() option=26
[11:52:15.912645] [pieusb] sane_get_option_descriptor() option=27
[11:52:15.912664] [pieusb] sane_get_option_descriptor() option=28
[11:52:15.912674] [pieusb] sane_get_option_descriptor() option=29
[11:52:15.912684] [pieusb] sane_get_option_descriptor() option=30
[11:52:15.912695] [pieusb] sane_get_option_descriptor() option=31
[11:52:15.912705] [pieusb] sane_get_option_descriptor() option=32
[11:52:15.912716] [pieusb] sane_get_option_descriptor() option=33
[11:52:15.912725] [pieusb] sane_get_option_descriptor() option=34
[11:52:15.912736] [pieusb] sane_get_option_descriptor() option=35
[11:52:15.912746] [pieusb] sane_get_option_descriptor() option=36
[11:52:15.912756] [pieusb] sane_get_option_descriptor() option=37
[11:52:15.912766] [pieusb] sane_get_option_descriptor() option=38
[11:52:15.912776] [pieusb] sane_get_option_descriptor() option=39
[11:52:15.912790] [pieusb] sane_get_option_descriptor() option=40
[11:52:15.912803] [pieusb] sane_get_option_descriptor() option=41
[11:52:15.912811] [pieusb] sane_get_option_descriptor() option=42
[11:52:15.912829] [pieusb] sane_get_option_descriptor() option=43
[11:52:15.912842] [pieusb] sane_control_option()
[11:52:15.912852] [pieusb] get br-x [#15]
[11:52:15.912862] [pieusb] get br-x [#15] val=2392050
[11:52:15.912875] [pieusb] sane_control_option()
[11:52:15.912885] [pieusb] get tl-x [#13]
[11:52:15.912897] [pieusb] get tl-x [#13] val=0
[11:52:15.912907] [pieusb] sane_control_option()
[11:52:15.912916] [pieusb] get br-y [#16]
[11:52:15.912925] [pieusb] get br-y [#16] val=1593035
[11:52:15.912935] [pieusb] sane_control_option()
[11:52:15.912944] [pieusb] get tl-y [#14]
[11:52:15.912953] [pieusb] get tl-y [#14] val=0
[11:52:15.912969] [pieusb] sane_get_option_descriptor() option=4
[11:52:15.912983] [pieusb] sane_get_option_descriptor() option=4
[11:52:15.912992] [pieusb] sane_control_option()
[11:52:15.913002] [pieusb] set resolution [#4] to 500.000000
[11:52:15.913025] [pieusb] sane_get_option_descriptor() option=20
[11:52:15.913037] [pieusb] sane_get_option_descriptor() option=20
[11:52:15.913046] [pieusb] sane_control_option()
[11:52:15.913057] [pieusb] set clean-image [#20] to 1
[11:52:15.913071] [pieusb] sane_get_option_descriptor() option=11
[11:52:15.913082] [pieusb] sane_get_option_descriptor() option=11
[11:52:15.913092] [pieusb] sane_control_option()
[11:52:15.913104] [pieusb] set calibration [#11] to from preview
[11:52:15.913117] [pieusb] sane_control_option()
[11:52:15.913127] [pieusb] get tl-x [#13]
[11:52:15.913139] [pieusb] get tl-x [#13] val=0
[11:52:15.913151] [pieusb] sane_get_option_descriptor() option=15
[11:52:15.913167] [pieusb] sane_control_option()
[11:52:15.913182] [pieusb] set br-x [#15] to 36.499786
[11:52:15.913194] [pieusb] sane_control_option()
[11:52:15.913202] [pieusb] get tl-y [#14]
[11:52:15.913213] [pieusb] get tl-y [#14] val=0
[11:52:15.913223] [pieusb] sane_get_option_descriptor() option=16
[11:52:15.913233] [pieusb] sane_control_option()
[11:52:15.913243] [pieusb] set br-y [#16] to 24.307785
[11:52:15.913254] [pieusb] sane_get_option_descriptor() option=4
[11:52:15.913265] [pieusb] sane_control_option()
[11:52:15.913276] [pieusb] get resolution [#4]
[11:52:15.913287] [pieusb] get resolution [#4] val=32768000
[11:52:15.913466] [pieusb] sane_start()
[11:52:15.913477] [pieusb] sanei_pieusb_cmd_read_state()
Cmd	00000000: dd 00 00 00 0c 00                               ].....
In	00000000: 00 00 7c dd f7 00 01 60 00 49 45 20             ..|]w..`.IE 
[11:52:15.928884] [pieusb] sanei_pieusb_cmd_read_state(): button 0, warmingUp 0, scanning 1, busy? 0
[11:52:15.928991] [pieusb] sanei_pieusb_cmd_set_exposure_time()
Cmd	00000000: 0a 00 00 00 08 00                               ......
Out	00000000: 13 00 04 00 02 00 64 00                         ......d.
Cmd	00000000: 0a 00 00 00 08 00                               ......
Out	00000000: 13 00 04 00 04 00 64 00                         ......d.
Cmd	00000000: 0a 00 00 00 08 00                               ......
Out	00000000: 13 00 04 00 08 00 64 00                         ......d.
[11:52:15.986049] [pieusb] sanei_pieusb_cmd_set_highlight_shadow()
Cmd	00000000: 0a 00 00 00 08 00                               ......
Out	00000000: 14 00 04 00 02 00 64 00                         ......d.
Cmd	00000000: 0a 00 00 00 08 00                               ......
Out	00000000: 14 00 04 00 04 00 64 00                         ......d.
Cmd	00000000: 0a 00 00 00 08 00                               ......
Out	00000000: 14 00 04 00 08 00 64 00                         ......d.
[11:52:16.040643] [pieusb] sanei_pieusb_cmd_get_shading_parms()
Cmd	00000000: 0a 00 00 00 06 00                               ......
Out	00000000: 95 00 00 00 00 00                               ......
Cmd	00000000: 08 00 00 00 20 00                               .... .
In	00000000: 95 00 1c 00 04 06 04 00 00 10 10 23 11 1c 08 10 ...........#....
	00000010: 10 23 1a 1d 10 10 10 23 11 1c 20 10 10 23 11 1c .#.....#.. ..#..
[11:52:16.072331] [pieusb] shading_width 7185
[11:52:16.072484] [pieusb] Num options = 44
[11:52:16.072507] [pieusb]   Option 1: Scan Mode = (null)
[11:52:16.072520] [pieusb]   Option 2: mode = Color
[11:52:16.072534] [pieusb]   Option 3: depth = 8
[11:52:16.072547] [pieusb]   Option 4: resolution = 500.000000
[11:52:16.072574] [pieusb]   Option 5: halftone-pattern = 4x4 SQUARE
[11:52:16.072592] [pieusb]   Option 6: threshold = 50.000000
[11:52:16.072612] [pieusb]   Option 7: sharpen = 0
[11:52:16.072629] [pieusb]   Option 8: shading-analysis = 0
[11:52:16.072647] [pieusb]   Option 9: fast-infrared = 0
[11:52:16.072663] [pieusb]   Option 10: advance = 1
[11:52:16.072681] [pieusb]   Option 11: calibration = from preview
[11:52:16.072698] [pieusb]   Option 12: Geometry = (null)
[11:52:16.072730] [pieusb]   Option 13: tl-x = 0.000000
[11:52:16.072746] [pieusb]   Option 14: tl-y = 0.000000
[11:52:16.072761] [pieusb]   Option 15: br-x = 36.499786
[11:52:16.072785] [pieusb]   Option 16: br-y = 24.307785
[11:52:16.072804] [pieusb]   Option 17: Enhancement = (null)
[11:52:16.072824] [pieusb]   Option 18: correct-shading = 1
[11:52:16.072841] [pieusb]   Option 19: correct-infrared = 0
[11:52:16.072857] [pieusb]   Option 20: clean-image = 1
[11:52:16.072878] [pieusb]   Option 21: gain-adjust = * 0.8
[11:52:16.072893] [pieusb]   Option 22: crop = Inside
[11:52:16.072908] [pieusb]   Option 23: smooth = 0
[11:52:16.072921] [pieusb]   Option 24: srgb = 0
[11:52:16.072940] [pieusb]   Option 25: invert = 0
[11:52:16.072958] [pieusb]   Option 26: Advanced = (null)
[11:52:16.072978] [pieusb]   Option 27: preview = 0
[11:52:16.072996] [pieusb]   Option 28: save-shading-data = 0
[11:52:16.073017] [pieusb]   Option 29: save-ccdmask = 0
[11:52:16.073039] [pieusb]   Option 30: light = 4
[11:52:16.073058] [pieusb]   Option 31: double-times = 0
[11:52:16.073072] [pieusb]   Option 32: exposure-time-r = 2937
[11:52:16.073086] [pieusb]   Option 33: exposure-time-g = 2937
[11:52:16.073108] [pieusb]   Option 34: exposure-time-b = 2937
[11:52:16.073130] [pieusb]   Option 35: exposure-time-i = 2937
[11:52:16.073162] [pieusb]   Option 36: gain-r = 19
[11:52:16.073195] [pieusb]   Option 37: gain-g = 19
[11:52:16.073216] [pieusb]   Option 38: gain-b = 19
[11:52:16.073244] [pieusb]   Option 39: gain-i = 19
[11:52:16.073264] [pieusb]   Option 40: offset-r = 0
[11:52:16.073286] [pieusb]   Option 41: offset-g = 0
[11:52:16.073334] [pieusb]   Option 42: offset-b = 0
[11:52:16.073361] [pieusb]   Option 43: offset-i = 0
[11:52:16.073383] [pieusb] sanei_pieusb_cmd_set_scan_frame()
[11:52:16.073403] [pieusb]  x0,y0 = 0,0
[11:52:16.073426] [pieusb]  x1,y1 = 14369,9569
[11:52:16.073445] [pieusb]  index = 128
Cmd	00000000: 0a 00 00 00 0e 00                               ......
Out	00000000: 12 00 0a 00 80 00 00 00 00 00 21 38 61 25       ..........!8a%
[11:52:16.095035] [pieusb] sanei_pieusb_set_frame_from_options(): sanei_pieusb_cmd_set_scan_frame status Success
[11:52:16.095088] [pieusb] sanei_pieusb_set_gain_offset(): mode = from preview
[11:52:16.095101] [pieusb] sanei_pieusb_set_gain_offset(): get calibration data from scanner
[11:52:16.095109] [pieusb] sanei_pieusb_cmd_get_gain_offset()
Cmd	00000000: d7 00 00 00 67 00                               W...g.
In	00000000: 00 00 00 00 00 00 00 00 00 00 00 00 00 00 00 00 ................
	00000010: 00 00 00 00 00 00 00 00 00 00 00 00 00 00 00 00 ................
	00000020: 00 00 00 00 00 00 00 00 00 00 00 00 00 00 00 00 ................
	00000030: 00 00 00 00 00 00 00 00 00 00 00 00 00 00 00 00 ................
	00000040: 00 00 00 00 00 00 00 00 00 00 00 00 04 10 b7 b8 ..............78
	00000050: 31 ef a9 85 5f ce 31 cf 20 e7 c3 a3 ad a3 c3 9b 1o)._N1O gC#-#C.
	00000060: d8 7f 04 10 00 03 0f                            X......
[11:52:16.115852] [pieusb] sanei_pieusb_cmd_get_gain_offset() set:
[11:52:16.115896] [pieusb]  saturationlevels = 0-0-0
[11:52:16.115906] [pieusb]  ---
[11:52:16.115913] [pieusb]  exposure times = 0-0-0-4100
[11:52:16.115921] [pieusb]  gain = 0-0-0-15
[11:52:16.115928] [pieusb]  offset = 0-0-0-0
[11:52:16.115935] [pieusb]  light = 00
[11:52:16.115941] [pieusb]  double times = 00
[11:52:16.115950] [pieusb]  extra entries = 00
[11:52:16.115961] [pieusb] sanei_pieusb_cmd_set_gain_offset()
[11:52:16.115968] [pieusb] sanei_pieusb_cmd_set_gain_offset() set:
[11:52:16.115975] [pieusb]  exposure times = 0-0-0-4100
[11:52:16.115983] [pieusb]  gain = 0-0-0-15
[11:52:16.115990] [pieusb]  offset = 0-0-0-0
[11:52:16.115998] [pieusb]  light = 00
[11:52:16.116005] [pieusb]  double times = 00
[11:52:16.116012] [pieusb]  extra entries = 00
Cmd	00000000: dc 00 00 00 1d 00                               \.....
Out	00000000: 00 00 00 00 00 00 00 00 00 00 00 00 00 00 00 00 ................
	00000010: 00 00 04 10 00 00 0f 00 00 00 00 00 00          .............
[11:52:16.145856] [pieusb] sanei_pieusb_set_gain_offset(): status Success
[11:52:16.145926] [pieusb] sanei_pieusb_wait_ready()
[11:52:16.145937] [pieusb] sanei_pieusb_cmd_test_unit_ready()
Cmd	00000000: 00 00 00 00 00 00                               ......
[11:52:16.159466] [pieusb] sanei_pieusb_cmd_test_unit_ready() return status = Success
[11:52:16.159550] [pieusb] -> sanei_pieusb_cmd_test_unit_ready: 0
[11:52:16.159564] [pieusb] sanei_pieusb_set_mode_from_options(): resolution from option setting (500)
[11:52:16.159574] [pieusb] sanei_pieusb_cmd_set_mode()
[11:52:16.159583] [pieusb] sanei_pieusb_cmd_set_mode() set:
[11:52:16.159591] [pieusb]  resolution = 500
[11:52:16.159600] [pieusb]  passes = 90
[11:52:16.159608] [pieusb]  depth = 04
[11:52:16.159625] [pieusb]  color format = 04
[11:52:16.159639] [pieusb]  sharpen = 0
[11:52:16.159650] [pieusb]  skip calibration = 1
[11:52:16.159662] [pieusb]  fast infrared = 0
[11:52:16.159674] [pieusb]  halftone pattern = 0
[11:52:16.159685] [pieusb]  line threshold = 127
Cmd	00000000: 15 00 00 00 10 00                               ......
Out	00000000: 00 0f f4 01 90 04 04 00 01 08 00 00 00 7f 10 00 ..t.............
[11:52:16.182271] [pieusb] sanei_pieusb_wait_ready()
[11:52:16.182344] [pieusb] sanei_pieusb_cmd_test_unit_ready()
Cmd	00000000: 00 00 00 00 00 00                               ......
[11:52:16.195362] [pieusb] sanei_pieusb_cmd_test_unit_ready() return status = Success
[11:52:16.195453] [pieusb] -> sanei_pieusb_cmd_test_unit_ready: 0
[11:52:16.195467] [pieusb] sanei_pieusb_set_mode_from_options(): sanei_pieusb_cmd_set_mode status Success
[11:52:16.195478] [pieusb] sane_start(): scan phase 1
[11:52:16.195488] [pieusb] sanei_pieusb_cmd_start_scan()
Cmd	00000000: 1b 00 00 00 01 00                               ......
[11:52:16.207625] [pieusb] sanei_pieusb_cmd_get_sense()
Cmd	00000000: 03 00 00 00 0e 00                               ......
In	00000000: 70 00 06 00 00 00 00 06 00 00 00 00 82 00       p.............
[11:52:16.221770] [pieusb] 	sense details:
[11:52:16.221828] [pieusb] 		error......... : 0x70
[11:52:16.221842] [pieusb] 		segment....... : 0
[11:52:16.221854] [pieusb] 		senseKey...... : 0x06
[11:52:16.221872] [pieusb] 		info.......... : 00 00 00 00
[11:52:16.221889] [pieusb] 		addLength..... : 6
[11:52:16.221904] [pieusb] 		cmdInfo....... : 00 00 00 00
[11:52:16.221925] [pieusb] 		senseCode..... : 0x82
[11:52:16.221947] [pieusb] 		senseQualifier : 0x00
[11:52:16.221965] [pieusb] 	sense: Unit Attention: Calibration disable not granted
[11:52:16.221983] [pieusb] sanei_pieusb_wait_ready()
[11:52:16.222000] [pieusb] sanei_pieusb_cmd_test_unit_ready()
Cmd	00000000: 00 00 00 00 00 00                               ......
Cmd	00000000: 00 00 00 00 00 00                               ......
Cmd	00000000: 00 00 00 00 00 00                               ......
Cmd	00000000: 00 00 00 00 00 00                               ......
Cmd	00000000: 00 00 00 00 00 00                               ......
Cmd	00000000: 00 00 00 00 00 00                               ......
Cmd	00000000: 00 00 00 00 00 00                               ......
[11:52:22.324373] [pieusb] sanei_pieusb_cmd_test_unit_ready() return status = Success
[11:52:22.324453] [pieusb] -> sanei_pieusb_cmd_test_unit_ready: 0
[11:52:22.324471] [pieusb] sane_start(): process shading data
[11:52:22.324485] [pieusb] sanei_pieusb_set_gain_offset(): mode = from preview
[11:52:22.324500] [pieusb] sanei_pieusb_set_gain_offset(): get calibration data from scanner
[11:52:22.324514] [pieusb] sanei_pieusb_cmd_get_gain_offset()
Cmd	00000000: d7 00 00 00 67 00                               W...g.
In	00000000: 00 00 00 00 00 00 00 00 00 00 00 00 00 00 00 00 ................
	00000010: 00 00 00 00 00 00 00 00 00 00 00 00 00 00 00 00 ................
	00000020: 00 00 00 00 00 00 00 00 00 00 00 00 00 00 00 00 ................
	00000030: c6 00 a2 00 a3 00 00 00 00 00 00 00 04 10 04 10 F.".#...........
	00000040: 04 10 0c 0f 0f 00 00 00 2c 1c 25 04 04 10 b7 b8 ........,.%...78
	00000050: 31 ef a9 85 5f ce 31 cf 20 e7 c3 a3 ad a3 c3 9b 1o)._N1O gC#-#C.
	00000060: d8 7f 04 10 0f 00 39                            X.....9
[11:52:22.345500] [pieusb] sanei_pieusb_cmd_get_gain_offset() set:
[11:52:22.345548] [pieusb]  saturationlevels = 0-0-0
[11:52:22.345560] [pieusb]  ---
[11:52:22.345568] [pieusb]  exposure times = 4100-4100-4100-4100
[11:52:22.345577] [pieusb]  gain = 44-28-37-57
[11:52:22.345585] [pieusb]  offset = 12-15-15-15
[11:52:22.345594] [pieusb]  light = 04
[11:52:22.345602] [pieusb]  double times = 00
[11:52:22.345610] [pieusb]  extra entries = 00
[11:52:22.345619] [pieusb] updateGain2(): color 0 preview used G=44 Exp=4100
[11:52:22.345635] [pieusb] updateGain2(): additional gain 0.800000
[11:52:22.345654] [pieusb] updateGain2(): preview had gain 44 => 2.389400
[11:52:22.345668] [pieusb] updateGain2(): optimized gain * 0.894427 = 2.137144
[11:52:22.345682] [pieusb] updateGain2(): optimized gain setting 40 => 2.115000
[11:52:22.345699] [pieusb] updateGain2(): remains for exposure 0.903792
[11:52:22.345717] [pieusb] updateGain2(): new setting G=40 Exp=3706
[11:52:22.345737] [pieusb] updateGain2(): color 1 preview used G=28 Exp=4100
[11:52:22.345750] [pieusb] updateGain2(): additional gain 0.800000
[11:52:22.345765] [pieusb] updateGain2(): preview had gain 28 => 1.588200
[11:52:22.345778] [pieusb] updateGain2(): optimized gain * 0.894427 = 1.420529
[11:52:22.345789] [pieusb] updateGain2(): optimized gain setting 22 => 1.413600
[11:52:22.345800] [pieusb] updateGain2(): remains for exposure 0.898812
[11:52:22.345812] [pieusb] updateGain2(): new setting G=22 Exp=3685
[11:52:22.345826] [pieusb] updateGain2(): color 2 preview used G=37 Exp=4100
[11:52:22.345839] [pieusb] updateGain2(): additional gain 0.800000
[11:52:22.345853] [pieusb] updateGain2(): preview had gain 37 => 1.960800
[11:52:22.345866] [pieusb] updateGain2(): optimized gain * 0.894427 = 1.753793
[11:52:22.345885] [pieusb] updateGain2(): optimized gain setting 32 => 1.735000
[11:52:22.345902] [pieusb] updateGain2(): remains for exposure 0.904115
[11:52:22.345915] [pieusb] updateGain2(): new setting G=32 Exp=3707
[11:52:22.345929] [pieusb] sanei_pieusb_cmd_set_gain_offset()
[11:52:22.345941] [pieusb] sanei_pieusb_cmd_set_gain_offset() set:
[11:52:22.345954] [pieusb]  exposure times = 3706-3685-3707-4100
[11:52:22.345966] [pieusb]  gain = 40-22-32-57
[11:52:22.345987] [pieusb]  offset = 12-15-15-15
[11:52:22.345999] [pieusb]  light = 04
[11:52:22.346018] [pieusb]  double times = 00
[11:52:22.346035] [pieusb]  extra entries = 00
Cmd	00000000: dc 00 00 00 1d 00                               \.....
Out	00000000: 7a 0e 65 0e 7b 0e 0c 0f 0f 00 00 00 28 16 20 04 z.e.{.......(. .
	00000010: 00 00 04 10 0f 00 39 00 00 00 00 00 00          ......9......
[11:52:22.374032] [pieusb] sanei_pieusb_set_gain_offset(): status Success
[11:52:22.374103] [pieusb] sanei_pieusb_get_shading_data()
[11:52:22.374181] [pieusb] sanei_pieusb_cmd_get_scanned_lines(): 4 lines (57488 bytes)
Cmd	00000000: 08 00 00 00 04 00                               ......
In	00000000: 52 52 34 ab 8d a8 02 ae 62 ac 54 ab 0a ab ae ae RR4+.(..b,T+.+..
	00000010: 79 af 6b ac 10 aa 8f b0 ad aa 68 ac 4d af 4a ab y/k,.*.0-*h,M/J+
	00000020: 9f aa d6 ad 48 b0 c2 ac 25 ab 2b ac d9 ad 76 ad .*V-H0B,%++,Y-v-
	00000030: 03 a9 70 ac 5d ad be a8 2b ae 7b ae 7a b0 66 a7 .)p,]->(+.{.z0f'
	00000040: 15 ad 5d ae d9 a5 c3 af bd ac b8 ab e8 b1 b0 ae .-].Y%C/=,8+h10.
	00000050: 45 b0 aa ad f4 ad 28 ac 14 b0 50 ac 63 a9 ea ab E0*-t-(,.0P,c)j+
	00000060: 4c a8 46 b2 cc af e1 af 4f ae f2 ad 41 b1 28 b3 L(F2L/a/O.r-A1(3
	00000070: 30 ac 3d ad 73 aa 66 af 54 b0 9a af 7e ad 81 ac 0,=-s*f/T0./~-.,
	0000e090 bytes clipped
[11:52:22.409403] [pieusb] sanei_pieusb_wait_ready()
[11:52:22.409458] [pieusb] sanei_pieusb_cmd_test_unit_ready()
Cmd	00000000: 00 00 00 00 00 00                               ......
[11:52:22.421620] [pieusb] sanei_pieusb_cmd_test_unit_ready() return status = Success
[11:52:22.421652] [pieusb] -> sanei_pieusb_cmd_test_unit_ready: 0
[11:52:22.421661] [pieusb] sanei_pieusb_cmd_get_scanned_lines(): 136 lines (1954592 bytes)
Cmd	00000000: 08 00 00 00 88 00                               ......
In	00000000: 52 52 7f a7 7a ab 5d ab 18 a7 5b a9 d7 b2 59 ae RR.'z+]+.'[)W2Y.
	00000010: d2 a8 e0 ac 2d ae b9 ab 3a a7 1f b1 c6 b0 30 ac R(`,-.9+:'.1F00,
	00000020: b2 ac 4d ab bb b0 a1 a8 aa b0 4d ad 84 ad a7 ab 2,M+;0!(*0M-.-'+
	00000030: ac aa 69 ac 10 aa 1a ad d1 af ba ad 1e aa 20 ab ,*i,.*.-Q/:-.* +
	00000040: 63 a8 e8 af d1 a4 e1 ac 8c aa 3d ad f2 ad 70 ac c(h/Q$a,.*=-r-p,
	00000050: f4 ad 28 ab b4 a9 31 ab ca aa d2 a9 b6 a6 5e ae t-(+4)1+J*R)6&^.
	00000060: e8 ae 2d b0 cf b0 f1 ad 13 aa fa ab 2e b3 d1 ac h.-0O0q-.*z+.3Q,
	00000070: 0a af d1 ad f3 af 93 b2 f8 ad 33 a9 d6 af c1 ad ./Q-s/.2x-3)V/A-
	001dd320 bytes clipped
[11:52:23.147713] [pieusb] Shading_mean[0] = 53622
[11:52:23.147766] [pieusb] Shading_mean[1] = 54654
[11:52:23.147778] [pieusb] Shading_mean[2] = 55004
[11:52:23.147790] [pieusb] Shading_mean[3] = 53711
[11:52:23.148180] [pieusb] sane_start(): scan phase 2
[11:52:23.148188] [pieusb] sanei_pieusb_wait_ready()
[11:52:23.148193] [pieusb] sanei_pieusb_cmd_test_unit_ready()
Cmd	00000000: 00 00 00 00 00 00                               ......
[11:52:23.411640] [pieusb] sanei_pieusb_cmd_test_unit_ready() return status = Success
[11:52:23.411705] [pieusb] -> sanei_pieusb_cmd_test_unit_ready: 0
[11:52:23.411718] [pieusb] sane_start(): scan phase 3
[11:52:23.411726] [pieusb] sanei_pieusb_get_ccd_mask()
[11:52:23.411736] [pieusb] sanei_pieusb_cmd_get_ccd_mask()
Cmd	00000000: 18 00 00 1c 11 00                               ......
In	00000000: 70 70 70 70 70 70 70 70 70 00 70 70 70 70 70 70 ppppppppp.pppppp
	00000010: 70 70 70 00 70 70 70 70 70 70 70 70 70 00 70 70 ppp.ppppppppp.pp
	00000020: 70 70 70 70 70 70 70 00 70 70 70 70 70 70 70 70 ppppppp.pppppppp
	00000030: 70 00 70 70 70 70 70 70 70 70 70 00 70 70 70 70 p.ppppppppp.pppp
	00000040: 70 70 70 70 70 00 70 70 70 70 70 70 70 70 70 00 ppppp.ppppppppp.
	00000050: 70 70 70 70 70 70 70 70 70 00 70 70 70 70 70 70 ppppppppp.pppppp
	00000060: 70 70 70 00 70 70 70 70 70 70 70 70 70 00 70 70 ppp.ppppppppp.pp
	00000070: 70 70 70 70 70 70 70 00 70 70 70 70 70 70 70 70 ppppppp.pppppppp
	00001c11 bytes clipped
[11:52:23.532921] [pieusb] sanei_pieusb_get_parameters()
[11:52:23.532983] [pieusb] sanei_pieusb_cmd_get_parameters()
Cmd	00000000: 0f 00 00 00 12 00                               ......
In	00000000: cc 02 de 01 cc 02 08 08 1c 47 00 00 00 00 00 00 L.^.L....G......
	00000010: 00 00                                           ..
[11:52:23.616921] [pieusb] sanei_pieusb_cmd_get_parameters() read:
[11:52:23.616968] [pieusb]  width = 716
[11:52:23.616975] [pieusb]  lines = 478
[11:52:23.616980] [pieusb]  bytes = 716
[11:52:23.616985] [pieusb]  offset1 = 8
[11:52:23.616991] [pieusb]  offset2 = 8
[11:52:23.616996] [pieusb]  available lines = 0
[11:52:23.617003] [pieusb] sanei_pieusb_get_parameters(): mode 'Color'
[11:52:23.617009] [pieusb]  format = 1
[11:52:23.617015] [pieusb]  depth = 8
[11:52:23.617020] [pieusb]  bytes_per_line = 2148
[11:52:23.617026] [pieusb]  lines = 478
[11:52:23.617031] [pieusb]  pixels_per_line = 716
[11:52:23.617037] [pieusb]  last_frame = 1
[11:52:23.617048] [pieusb] sanei_pieusb_wait_ready()
[11:52:23.617060] [pieusb] sanei_pieusb_cmd_test_unit_ready()
Cmd	00000000: 00 00 00 00 00 00                               ......
Cmd	00000000: 00 00 00 00 00 00                               ......
Cmd	00000000: 00 00 00 00 00 00                               ......
Cmd	00000000: 00 00 00 00 00 00                               ......
Cmd	00000000: 00 00 00 00 00 00                               ......
[11:52:27.696730] [pieusb] sanei_pieusb_cmd_test_unit_ready() return status = Success
[11:52:27.696802] [pieusb] -> sanei_pieusb_cmd_test_unit_ready: 0
[11:52:27.697082] [pieusb] pieusb: Read buffer created: w=716 h=478 ncol=4 depth=8 in file /tmp/sane.Lp3GKK
[11:52:27.697104] [pieusb] sanei_pieusb_get_scan_data(colorFormat 4), lines_to_read 1912, bytes 716
[11:52:27.697117] [pieusb] sanei_pieusb_get_scan_data(): reading lines: now 255, bytes per line = 718
[11:52:27.697158] [pieusb] sanei_pieusb_cmd_get_scanned_lines(): 255 lines (183090 bytes)
Cmd	00000000: 08 00 00 00 ff 00                               ......
In	00000000: 47 47 00 00 01 03 04 05 06 06 06 07 06 06 07 06 GG..............
	00000010: 06 05 06 0e 0e 0d 0d 0f 0f 12 17 1a 1d 1e 1e 1d ................
	00000020: 1e 1c 1e 1d 1c 1d 1e 1e 1e 19 0b 0a 0a 0a 0b 0a ................
	00000030: 0b 0b 0a 0b 09 0b 0a 0a 0b 0a 0a 09 0a 0a 0a 09 ................
	00000040: 09 0a 09 0b 0a 0a 0a 0a 09 09 09 09 09 08 08 08 ................
	00000050: 08 09 08 09 09 09 0a 0b 11 14 12 14 17 18 19 18 ................
	00000060: 17 19 16 18 17 16 16 16 17 16 16 14 18 1a 14 16 ................
	00000070: 16 13 12 14 14 11 13 11 12 0c 08 09 09 09 09 09 ................
	0002cb32 bytes clipped
[11:52:28.062962] [pieusb] sanei_pieusb_get_scan_data(): reading lines: remaining 1657
[11:52:28.063010] [pieusb] sanei_pieusb_get_scan_data(): reading lines: now 255, bytes per line = 718
[11:52:28.063019] [pieusb] sanei_pieusb_cmd_get_scanned_lines(): 255 lines (183090 bytes)
Cmd	00000000: 08 00 00 00 ff 00                               ......
In	00000000: 52 52 01 01 02 05 09 0c 0c 0f 0d 0f 0f 0f 0e 0d RR..............
	00000010: 0c 0c 0a 23 21 20 1d 1e 20 2a 32 3d 3a 3e 45 3f ...#! .. *2=:>E?
	00000020: 42 43 43 43 42 44 41 45 47 24 17 16 14 14 16 15 BCCCBDAEG$......
	00000030: 15 14 15 16 14 15 17 14 15 13 16 15 15 16 17 14 ................
	00000040: 16 14 15 15 15 15 12 14 13 14 14 15 16 14 12 13 ................
	00000050: 14 17 16 16 15 15 15 13 15 15 14 15 1c 24 2a 2b .............$*+
	00000060: 28 24 28 24 2d 31 30 33 2c 26 29 2b 2d 30 2e 29 ($($-103,&)+-0.)
	00000070: 2d 2e 2b 2f 2a 29 2b 29 2c 2b 24 22 2c 1e 15 16 -.+/*)+),+$",...
	0002cb32 bytes clipped
[11:52:29.112145] [pieusb] sanei_pieusb_get_scan_data(): reading lines: remaining 1402
[11:52:29.112186] [pieusb] sanei_pieusb_get_scan_data(): reading lines: now 255, bytes per line = 718
[11:52:29.112196] [pieusb] sanei_pieusb_cmd_get_scanned_lines(): 255 lines (183090 bytes)
Cmd	00000000: 08 00 00 00 ff 00                               ......
In	00000000: 49 49 03 05 07 0f 17 1e 27 28 28 27 2a 27 2b 2a II......'(('*'+*
	00000010: 27 24 1c 4f 56 59 53 4f 53 63 79 92 92 9b 9c 9f '$.OVYSOScy.....
	00000020: 9f 9c 9e a3 a1 9e a2 a1 a4 9d 9b 9f 9b 9b 95 95 ...#!."!$.......
	00000030: 99 a1 9d 9f 9a 9a 97 9f 9b a1 99 a4 a3 9e a5 a4 .!.......!.$#.%$
	00000040: a5 a3 9d 9d 9e 9d a1 9f a3 a3 9a a3 a0 9d 9a a5 %#....!.##.# ..%
	00000050: a0 a9 a8 a5 a2 a8 a7 ac a7 a8 ad af a4 ac a7 ae  )(%"(','(-/$,'.
	00000060: ab ad ae af ab b1 b3 b3 c0 b3 b0 b2 b5 b1 b3 b2 +-./+133@3025132
	00000070: b0 b3 b4 b2 b0 b8 ae af af b2 b3 ac ac ab b1 ab 034208.//23,,+1+
	0002cb32 bytes clipped
[11:52:30.168381] [pieusb] sanei_pieusb_get_scan_data(): reading lines: remaining 1147
[11:52:30.168442] [pieusb] sanei_pieusb_get_scan_data(): reading lines: now 255, bytes per line = 718
[11:52:30.168686] [pieusb] sanei_pieusb_cmd_get_scanned_lines(): 255 lines (183090 bytes)
Cmd	00000000: 08 00 00 00 ff 00                               ......
In	00000000: 42 42 01 00 00 01 01 01 02 03 03 03 03 03 02 02 BB..............
	00000010: 02 02 02 03 06 06 06 06 06 08 09 0d 0e 0d 0d 0e ................
	00000020: 0d 0e 0d 0d 0d 0e 0c 0f 0f 0c 0b 0b 0a 09 0b 0c ................
	00000030: 09 08 0b 0a 0a 0b 0a 0a 0a 0a 09 09 09 0b 09 0b ................
	00000040: 0b 08 08 09 08 0a 0b 0a 09 09 09 0a 0b 0a 0b 0a ................
	00000050: 0a 0a 0a 0c 0c 0a 09 0b 0a 0a 0b 0b 0a 09 0a 0a ................
	00000060: 0a 0c 0a 0c 0d 0a 0d 0a 0a 0c 0b 0b 0b 0b 0c 0b ................
	00000070: 0a 0c 0a 0d 09 0a 09 06 08 08 07 06 07 06 06 07 ................
	0002cb32 bytes clipped
[11:52:31.223247] [pieusb] sanei_pieusb_get_scan_data(): reading lines: remaining 892
[11:52:31.223292] [pieusb] sanei_pieusb_get_scan_data(): reading lines: now 255, bytes per line = 718
[11:52:31.223301] [pieusb] sanei_pieusb_cmd_get_scanned_lines(): 255 lines (183090 bytes)
Cmd	00000000: 08 00 00 00 ff 00                               ......
In	00000000: 47 47 00 01 00 01 02 04 06 06 06 06 06 07 06 07 GG..............
	00000010: 06 06 05 04 0e 0d 0e 0d 0d 10 12 19 1b 1b 1d 1d ................
	00000020: 1e 1c 1c 1d 1e 1e 1f 1e 1e 1e 1d 1a 17 1b 1b 1b ................
	00000030: 1a 17 17 19 17 16 17 18 18 18 16 1a 1b 1c 1b 18 ................
	00000040: 1d 1a 1b 1c 1c 1e 1c 1d 1c 1b 1b 1b 1b 18 10 0f ................
	00000050: 10 12 16 19 15 17 18 19 1a 19 18 1d 1a 1f 1f 1c ................
	00000060: 1b 18 1a 19 19 15 14 15 1a 17 16 16 12 0e 12 13 ................
	00000070: 10 11 11 11 10 12 15 16 0e 0f 11 13 16 18 16 10 ................
	0002cb32 bytes clipped
[11:52:32.277417] [pieusb] sanei_pieusb_get_scan_data(): reading lines: remaining 637
[11:52:32.277463] [pieusb] sanei_pieusb_get_scan_data(): reading lines: now 255, bytes per line = 718
[11:52:32.277471] [pieusb] sanei_pieusb_cmd_get_scanned_lines(): 255 lines (183090 bytes)
Cmd	00000000: 08 00 00 00 ff 00                               ......
In	00000000: 52 52 01 00 00 01 03 05 09 0d 0d 0e 0c 0d 10 0e RR..............
	00000010: 0e 0e 0b 0c 20 21 20 21 21 24 2c 37 3b 40 3d 3f .... ! !!$,7;@=?
	00000020: 3f 45 45 47 44 3f 45 45 43 3f 3f 36 3c 42 41 3b ?EEGD?EEC??6<BA;
	00000030: 40 44 44 40 3f 42 44 43 3f 41 3f 45 41 40 41 45 @DD@?BDC?A?EA@AE
	00000040: 40 40 40 3e 40 39 40 3e 44 3b 3c 3d 42 3e 3b 3f @@@>@9@>D;<=B>;?
	00000050: 40 38 3a 38 43 41 46 3d 39 42 38 3b 3d 39 34 3a @8:8CAF=9B8;=94:
	00000060: 3c 37 39 43 41 3e 4b 43 45 45 47 41 3f 42 38 38 <79CA>KCEEGA?B88
	00000070: 34 39 3a 43 3e 3e 43 48 4b 45 43 44 36 2c 26 24 49:C>>CHKECD6,&$
	0002cb32 bytes clipped
[11:52:33.326892] [pieusb] sanei_pieusb_get_scan_data(): reading lines: remaining 382
[11:52:33.326931] [pieusb] sanei_pieusb_get_scan_data(): reading lines: now 255, bytes per line = 718
[11:52:33.326941] [pieusb] sanei_pieusb_cmd_get_scanned_lines(): 255 lines (183090 bytes)
Cmd	00000000: 08 00 00 00 ff 00                               ......
In	00000000: 49 49 03 04 04 03 08 0e 15 1e 22 22 20 1e 23 25 II........"" .#%
	00000010: 28 29 2a 2b 22 4e 54 56 55 57 65 80 92 98 97 9d ()*+"NTVUWe.....
	00000020: 9f 9c a1 98 9e 92 9e a0 aa 9b a6 9c 9c 9e 9e a2 ..!.... *.&...."
	00000030: 9c 9f a7 a0 a0 a2 a3 a1 9f a6 a0 a8 9d a7 a8 a9 ..'  "#!.& (.'()
	00000040: a3 aa a6 a2 a7 9d 9e 9f a1 a0 a3 a7 a1 a8 aa a4 #*&"'...! #'!(*$
	00000050: a7 a8 ac a3 af ae af ad a5 af b1 a7 a2 9c af b0 '(,#/./-%/1'"./0
	00000060: aa aa a9 a6 b3 b6 b2 b4 b1 ac b3 b0 b5 b7 b1 b4 **)&36241,305714
	00000070: b4 b5 b5 ad b1 b4 b3 b2 b0 b3 a8 b1 ad b1 b2 b0 455-143203(1-120
	0002cb32 bytes clipped
[11:52:34.382734] [pieusb] sanei_pieusb_get_scan_data(): reading lines: remaining 127
[11:52:34.382788] [pieusb] sanei_pieusb_get_scan_data(): reading lines: now 127, bytes per line = 718
[11:52:34.382798] [pieusb] sanei_pieusb_cmd_get_scanned_lines(): 127 lines (91186 bytes)
Cmd	00000000: 08 00 00 00 7f 00                               ......
In	00000000: 42 42 00 00 00 00 00 01 02 02 03 03 03 03 03 02 BB..............
	00000010: 03 04 03 02 02 04 06 05 07 06 07 0a 0e 0e 0d 0e ................
	00000020: 0e 0c 0b 0d 0f 0d 0e 0e 0d 0e 0b 06 06 07 06 06 ................
	00000030: 06 05 07 07 06 06 05 08 06 06 08 08 05 06 06 05 ................
	00000040: 05 06 06 06 06 05 05 06 06 06 05 06 06 06 06 06 ................
	00000050: 05 06 06 05 05 06 06 05 05 05 06 05 05 05 06 06 ................
	00000060: 06 05 05 06 06 06 05 07 05 06 05 06 05 05 05 06 ................
	00000070: 05 06 06 04 07 07 05 06 06 07 07 05 06 04 07 05 ................
	00016432 bytes clipped
[11:52:34.922583] [pieusb] sanei_pieusb_get_scan_data(): reading lines: remaining 0
[11:52:36.922725] [pieusb] sanei_pieusb_wait_ready()
[11:52:36.922781] [pieusb] sanei_pieusb_cmd_test_unit_ready()
Cmd	00000000: 00 00 00 00 00 00                               ......
Cmd	00000000: 00 00 00 00 00 00                               ......
Cmd	00000000: 00 00 00 00 00 00                               ......
Cmd	00000000: 00 00 00 00 00 00                               ......
Cmd	00000000: 00 00 00 00 00 00                               ......
Cmd	00000000: 00 00 00 00 00 00                               ......
Cmd	00000000: 00 00 00 00 00 00                               ......
[11:52:43.024072] [pieusb] sanei_pieusb_cmd_test_unit_ready() return status = Success
[11:52:43.024150] [pieusb] -> sanei_pieusb_cmd_test_unit_ready: 0
[11:52:43.024167] [pieusb] sanei_pieusb_correct_shading()
[11:52:43.024208] [pieusb] sanei_pieusb_correct_shading() correct color 0
[11:52:43.028856] [pieusb] sanei_pieusb_correct_shading() correct color 1
[11:52:43.032633] [pieusb] sanei_pieusb_correct_shading() correct color 2
[11:52:43.035175] [pieusb] sanei_pieusb_correct_shading() correct color 3
[11:52:43.037699] [pieusb] pie_usb_post: 716 ppl, 478 lines, 8 bits, 4 planes, 500 dpi
[11:52:43.037726] [pieusb] pie_usb_sw_post: winsize_smooth 3
[11:52:43.039925] [pieusb] sane_start(): modifying buffer to ignore I
[11:52:43.039943] [pieusb] sane_get_parameters
[11:52:43.039950] [pieusb] sane_get_parameters from scanner values
[11:52:43.039957] [pieusb] sane_get_parameters(): SANE parameters
[11:52:43.039963] [pieusb]  format = 1
[11:52:43.039970] [pieusb]  last_frame = 1
[11:52:43.039976] [pieusb]  bytes_per_line = 2148
[11:52:43.039983] [pieusb]  pixels_per_line = 716
[11:52:43.039989] [pieusb]  lines = 478
[11:52:43.039996] [pieusb]  depth = 8
[11:52:43.040022] [pieusb] sane_read(): requested 32768 bytes
[11:52:43.040032] [pieusb] sane_read(): buffer suffices (contains 1026744, requested 32768)
[11:52:43.040465] [pieusb] sane_read(): requested 32768 bytes
[11:52:43.040478] [pieusb] sane_read(): buffer suffices (contains 993976, requested 32768)
[11:52:43.040692] [pieusb] sane_read(): requested 32768 bytes
[11:52:43.040703] [pieusb] sane_read(): buffer suffices (contains 961208, requested 32768)
[11:52:43.040960] [pieusb] sane_read(): requested 32768 bytes
[11:52:43.040973] [pieusb] sane_read(): buffer suffices (contains 928440, requested 32768)
[11:52:43.041220] [pieusb] sane_read(): requested 32768 bytes
[11:52:43.041229] [pieusb] sane_read(): buffer suffices (contains 895672, requested 32768)
[11:52:43.041450] [pieusb] sane_read(): requested 32768 bytes
[11:52:43.041460] [pieusb] sane_read(): buffer suffices (contains 862904, requested 32768)
[11:52:43.041695] [pieusb] sane_read(): requested 32768 bytes
[11:52:43.041705] [pieusb] sane_read(): buffer suffices (contains 830136, requested 32768)
[11:52:43.041896] [pieusb] sane_read(): requested 32768 bytes
[11:52:43.041907] [pieusb] sane_read(): buffer suffices (contains 797368, requested 32768)
[11:52:43.042098] [pieusb] sane_read(): requested 32768 bytes
[11:52:43.042106] [pieusb] sane_read(): buffer suffices (contains 764600, requested 32768)
[11:52:43.042295] [pieusb] sane_read(): requested 32768 bytes
[11:52:43.042304] [pieusb] sane_read(): buffer suffices (contains 731832, requested 32768)
[11:52:43.042507] [pieusb] sane_read(): requested 32768 bytes
[11:52:43.042517] [pieusb] sane_read(): buffer suffices (contains 699064, requested 32768)
[11:52:43.042699] [pieusb] sane_read(): requested 32768 bytes
[11:52:43.042709] [pieusb] sane_read(): buffer suffices (contains 666296, requested 32768)
[11:52:43.042893] [pieusb] sane_read(): requested 32768 bytes
[11:52:43.042905] [pieusb] sane_read(): buffer suffices (contains 633528, requested 32768)
[11:52:43.043095] [pieusb] sane_read(): requested 32768 bytes
[11:52:43.043108] [pieusb] sane_read(): buffer suffices (contains 600760, requested 32768)
[11:52:43.043306] [pieusb] sane_read(): requested 32768 bytes
[11:52:43.043329] [pieusb] sane_read(): buffer suffices (contains 567992, requested 32768)
[11:52:43.043540] [pieusb] sane_read(): requested 32768 bytes
[11:52:43.043551] [pieusb] sane_read(): buffer suffices (contains 535224, requested 32768)
[11:52:43.043749] [pieusb] sane_read(): requested 32768 bytes
[11:52:43.043759] [pieusb] sane_read(): buffer suffices (contains 502456, requested 32768)
[11:52:43.043959] [pieusb] sane_read(): requested 32768 bytes
[11:52:43.043968] [pieusb] sane_read(): buffer suffices (contains 469688, requested 32768)
[11:52:43.044174] [pieusb] sane_read(): requested 32768 bytes
[11:52:43.044184] [pieusb] sane_read(): buffer suffices (contains 436920, requested 32768)
[11:52:43.044423] [pieusb] sane_read(): requested 32768 bytes
[11:52:43.044433] [pieusb] sane_read(): buffer suffices (contains 404152, requested 32768)
[11:52:43.044640] [pieusb] sane_read(): requested 32768 bytes
[11:52:43.044649] [pieusb] sane_read(): buffer suffices (contains 371384, requested 32768)
[11:52:43.044854] [pieusb] sane_read(): requested 32768 bytes
[11:52:43.044863] [pieusb] sane_read(): buffer suffices (contains 338616, requested 32768)
[11:52:43.045066] [pieusb] sane_read(): requested 32768 bytes
[11:52:43.045075] [pieusb] sane_read(): buffer suffices (contains 305848, requested 32768)
[11:52:43.045279] [pieusb] sane_read(): requested 32768 bytes
[11:52:43.045288] [pieusb] sane_read(): buffer suffices (contains 273080, requested 32768)
[11:52:43.045509] [pieusb] sane_read(): requested 32768 bytes
[11:52:43.045518] [pieusb] sane_read(): buffer suffices (contains 240312, requested 32768)
[11:52:43.045724] [pieusb] sane_read(): requested 32768 bytes
[11:52:43.045733] [pieusb] sane_read(): buffer suffices (contains 207544, requested 32768)
[11:52:43.045925] [pieusb] sane_read(): requested 32768 bytes
[11:52:43.045933] [pieusb] sane_read(): buffer suffices (contains 174776, requested 32768)
[11:52:43.046126] [pieusb] sane_read(): requested 32768 bytes
[11:52:43.046134] [pieusb] sane_read(): buffer suffices (contains 142008, requested 32768)
[11:52:43.046342] [pieusb] sane_read(): requested 32768 bytes
[11:52:43.046353] [pieusb] sane_read(): buffer suffices (contains 109240, requested 32768)
[11:52:43.046546] [pieusb] sane_read(): requested 32768 bytes
[11:52:43.046554] [pieusb] sane_read(): buffer suffices (contains 76472, requested 32768)
[11:52:43.046753] [pieusb] sane_read(): requested 32768 bytes
[11:52:43.046761] [pieusb] sane_read(): buffer suffices (contains 43704, requested 32768)
[11:52:43.046959] [pieusb] sane_read(): requested 32768 bytes
[11:52:43.046967] [pieusb] sane_read(): buffer suffices (contains 10936, requested 32768, last batch though)
[11:52:43.047045] [pieusb] sane_read(): requested 32768 bytes
[11:52:43.047416] [pieusb] sane_cancel
[11:52:43.047429] [pieusb] sane_close()
[11:52:43.292080] [pieusb] pieusb: Read buffer deleted
[11:52:43.292187] [pieusb] sane_exit()

Script done on 2026-04-25 11:52:43+02:00 [COMMAND_EXIT_CODE="0"]
